// Jest Snapshot v1, https://goo.gl/fbAQLP

exports[`base phylotree renders correctly 1`] = `
<g>
  <path
    className="branch"
    d="M1,738.5472222222222L1,75.7L37.3410317132809,75.7"
  />
  <path
    className="branch"
    d="M1,738.5472222222222L1,648.8322916666667L86.30183510818485,648.8322916666667"
  />
  <path
    className="branch"
    d="M1,738.5472222222222L1,1491.109375L114.1124916082064,1491.109375"
  />
  <path
    className="branch"
    d="M37.3410317132809,75.7L37.3410317132809,25.900000000000002L125.89068957446678,25.900000000000002"
  />
  <path
    className="branch"
    d="M37.3410317132809,75.7L37.3410317132809,125.5L132.0102148915072,125.5"
  />
  <path
    className="branch"
    d="M86.30183510818485,648.8322916666667L86.30183510818485,237.54999999999998L112.28825118101021,237.54999999999998"
  />
  <path
    className="branch"
    d="M86.30183510818485,648.8322916666667L86.30183510818485,1060.1145833333333L165.56274290008068,1060.1145833333333"
  />
  <path
    className="branch"
    d="M114.1124916082064,1491.109375L114.1124916082064,1395.3999999999999L328.0919063075492,1395.3999999999999"
  />
  <path
    className="branch"
    d="M114.1124916082064,1491.109375L114.1124916082064,1586.8187500000001L158.10091709215882,1586.8187500000001"
  />
  <path
    className="branch"
    d="M125.89068957446678,25.900000000000002L125.89068957446678,1L183.5072415789506,1"
  />
  <path
    className="branch"
    d="M125.89068957446678,25.900000000000002L125.89068957446678,50.800000000000004L207.56321407234498,50.800000000000004"
  />
  <path
    className="branch"
    d="M132.0102148915072,125.5L132.0102148915072,100.60000000000001L233.03241695973787,100.60000000000001"
  />
  <path
    className="branch"
    d="M132.0102148915072,125.5L132.0102148915072,150.4L209.70069628790165,150.4"
  />
  <path
    className="branch"
    d="M112.28825118101021,237.54999999999998L112.28825118101021,200.20000000000002L285.21420476592283,200.20000000000002"
  />
  <path
    className="branch"
    d="M112.28825118101021,237.54999999999998L112.28825118101021,274.90000000000003L196.85394891630384,274.90000000000003"
  />
  <path
    className="branch"
    d="M165.56274290008068,1060.1145833333333L165.56274290008068,843.96875L225.83935797389765,843.96875"
  />
  <path
    className="branch"
    d="M165.56274290008068,1060.1145833333333L165.56274290008068,1096.6000000000001L440.53919044598143,1096.6000000000001"
  />
  <path
    className="branch"
    d="M165.56274290008068,1060.1145833333333L165.56274290008068,1239.7749999999999L219.49362377664585,1239.7749999999999"
  />
  <path
    className="branch"
    d="M158.10091709215882,1586.8187500000001L158.10091709215882,1470.1000000000001L209.9782814222627,1470.1000000000001"
  />
  <path
    className="branch"
    d="M158.10091709215882,1586.8187500000001L158.10091709215882,1703.5375000000001L177.61315833235813,1703.5375000000001"
  />
  <path
    className="branch"
    d="M196.85394891630384,274.90000000000003L196.85394891630384,250L327.4013941155819,250"
  />
  <path
    className="branch"
    d="M196.85394891630384,274.90000000000003L196.85394891630384,299.8L346.44434778056313,299.8"
  />
  <path
    className="branch"
    d="M225.83935797389765,843.96875L225.83935797389765,697.1625L282.58021322854626,697.1625"
  />
  <path
    className="branch"
    d="M225.83935797389765,843.96875L225.83935797389765,990.775L249.5740371764155,990.775"
  />
  <path
    className="branch"
    d="M219.49362377664585,1239.7749999999999L219.49362377664585,1171.3L327.7146359039424,1171.3"
  />
  <path
    className="branch"
    d="M219.49362377664585,1239.7749999999999L219.49362377664585,1308.25L329.58910237064316,1308.25"
  />
  <path
    className="branch"
    d="M209.9782814222627,1470.1000000000001L209.9782814222627,1445.2L379.3826611686304,1445.2"
  />
  <path
    className="branch"
    d="M209.9782814222627,1470.1000000000001L209.9782814222627,1495L324.84906781801044,1495"
  />
  <path
    className="branch"
    d="M177.61315833235813,1703.5375000000001L177.61315833235813,1600.825L183.00191394485128,1600.825"
  />
  <path
    className="branch"
    d="M177.61315833235813,1703.5375000000001L177.61315833235813,1806.25L318.40134792222267,1806.25"
  />
  <path
    className="branch"
    d="M282.58021322854626,697.1625L282.58021322854626,571.625L310.70142768275633,571.625"
  />
  <path
    className="branch"
    d="M282.58021322854626,697.1625L282.58021322854626,822.6999999999999L351.14642524990603,822.6999999999999"
  />
  <path
    className="branch"
    d="M249.5740371764155,990.775L249.5740371764155,934.75L271.0094373032933,934.75"
  />
  <path
    className="branch"
    d="M249.5740371764155,990.775L249.5740371764155,1046.8L346.3764851164997,1046.8"
  />
  <path
    className="branch"
    d="M327.7146359039424,1171.3L327.7146359039424,1146.3999999999999L400.4404074870196,1146.3999999999999"
  />
  <path
    className="branch"
    d="M327.7146359039424,1171.3L327.7146359039424,1196.2L466.5129541577102,1196.2"
  />
  <path
    className="branch"
    d="M329.58910237064316,1308.25L329.58910237064316,1270.8999999999999L376.99404875555086,1270.8999999999999"
  />
  <path
    className="branch"
    d="M329.58910237064316,1308.25L329.58910237064316,1345.6000000000001L481.83918089935395,1345.6000000000001"
  />
  <path
    className="branch"
    d="M183.00191394485128,1600.825L183.00191394485128,1544.8L478.8620419928431,1544.8"
  />
  <path
    className="branch"
    d="M183.00191394485128,1600.825L183.00191394485128,1656.8500000000001L287.4176326211344,1656.8500000000001"
  />
  <path
    className="branch"
    d="M318.40134792222267,1806.25L318.40134792222267,1768.8999999999999L358.5756616428822,1768.8999999999999"
  />
  <path
    className="branch"
    d="M318.40134792222267,1806.25L318.40134792222267,1843.6000000000001L382.2601148058955,1843.6000000000001"
  />
  <path
    className="branch"
    d="M310.70142768275633,571.625L310.70142768275633,457.5L314.46723043095324,457.5"
  />
  <path
    className="branch"
    d="M310.70142768275633,571.625L310.70142768275633,685.75L345.88841070207746,685.75"
  />
  <path
    className="branch"
    d="M351.14642524990603,822.6999999999999L351.14642524990603,797.8000000000001L355.8511865534211,797.8000000000001"
  />
  <path
    className="branch"
    d="M351.14642524990603,822.6999999999999L351.14642524990603,847.6L366.405172732368,847.6"
  />
  <path
    className="branch"
    d="M271.0094373032933,934.75L271.0094373032933,897.4L392.7232340278761,897.4"
  />
  <path
    className="branch"
    d="M271.0094373032933,934.75L271.0094373032933,972.1L348.13746373821294,972.1"
  />
  <path
    className="branch"
    d="M376.99404875555086,1270.8999999999999L376.99404875555086,1246L499,1246"
  />
  <path
    className="branch"
    d="M376.99404875555086,1270.8999999999999L376.99404875555086,1295.8L419.1348461145226,1295.8"
  />
  <path
    className="branch"
    d="M287.4176326211344,1656.8500000000001L287.4176326211344,1619.5L318.91932791741857,1619.5"
  />
  <path
    className="branch"
    d="M287.4176326211344,1656.8500000000001L287.4176326211344,1694.2L325.4406615504955,1694.2"
  />
  <path
    className="branch"
    d="M358.5756616428822,1768.8999999999999L358.5756616428822,1744L422.82243426684977,1744"
  />
  <path
    className="branch"
    d="M358.5756616428822,1768.8999999999999L358.5756616428822,1793.8L418.9427602687838,1793.8"
  />
  <path
    className="branch"
    d="M314.46723043095324,457.5L314.46723043095324,374.5L334.7842385178707,374.5"
  />
  <path
    className="branch"
    d="M314.46723043095324,457.5L314.46723043095324,449.2L337.85607843016487,449.2"
  />
  <path
    className="branch"
    d="M314.46723043095324,457.5L314.46723043095324,548.8000000000001L332.47844155924145,548.8000000000001"
  />
  <path
    className="branch"
    d="M345.88841070207746,685.75L345.88841070207746,648.4L377.05846077567884,648.4"
  />
  <path
    className="branch"
    d="M345.88841070207746,685.75L345.88841070207746,723.1L368.1945233153281,723.1"
  />
  <path
    className="branch"
    d="M348.13746373821294,972.1L348.13746373821294,947.1999999999999L359.3394041672569,947.1999999999999"
  />
  <path
    className="branch"
    d="M348.13746373821294,972.1L348.13746373821294,997L380.49223489631123,997"
  />
  <path
    className="branch"
    d="M318.91932791741857,1619.5L318.91932791741857,1594.6000000000001L376.7785752120274,1594.6000000000001"
  />
  <path
    className="branch"
    d="M318.91932791741857,1619.5L318.91932791741857,1644.3999999999999L385.14600335055826,1644.3999999999999"
  />
  <path
    className="branch"
    d="M334.7842385178707,374.5L334.7842385178707,349.59999999999997L337.894802323218,349.59999999999997"
  />
  <path
    className="branch"
    d="M334.7842385178707,374.5L334.7842385178707,399.40000000000003L340.176828179181,399.40000000000003"
  />
  <path
    className="branch"
    d="M332.47844155924145,548.8000000000001L332.47844155924145,499L343.13939770018663,499"
  />
  <path
    className="branch"
    d="M332.47844155924145,548.8000000000001L332.47844155924145,548.8000000000001L338.3437694397054,548.8000000000001"
  />
  <path
    className="branch"
    d="M332.47844155924145,548.8000000000001L332.47844155924145,598.6L350.44977857983133,598.6"
  />
  <path
    className="branch"
    d="M368.1945233153281,723.1L368.1945233153281,698.1999999999999L377.34869827113647,698.1999999999999"
  />
  <path
    className="branch"
    d="M368.1945233153281,723.1L368.1945233153281,748L373.4287667604905,748"
  />
</g>
`;
